openjdk version "21.0.12" 2026-07-21
OpenJDK Runtime Environment (build 21.0.12+8-1-26.04-Ubuntu)
OpenJDK 64-Bit Server VM (build 21.0.12+8-1-26.04-Ubuntu, mixed mode)
INFO  Using log config file: jar:file:/snap/ghidra/47/ghidra/Ghidra/Framework/Generic/lib/Generic.jar!/generic.log4j.xml (LoggingInitialization)  
INFO  Using log file: /home/tstern/.config/ghidra/ghidra_12.1.2_PUBLIC/application.log (LoggingInitialization)  
INFO  Loading user preferences: /home/tstern/.config/ghidra/ghidra_12.1.2_PUBLIC/preferences (Preferences)  
INFO  Loading previous preferences: /home/tstern/.config/ghidra/ghidra_12.0_PUBLIC/preferences (Preferences)  
INFO  Searching for classes... (ClassSearcher)  
INFO  Class search complete (1210 ms) (ClassSearcher)  
INFO  Initializing SSL Context (DefaultSSLContextInitializer)  
INFO  Initializing Random Number Generator... (SecureRandomFactory)  
INFO  Random Number Generator initialization complete: NativePRNGNonBlocking (SecureRandomFactory)  
INFO  Trust manager disabled, cacerts have not been set (DefaultTrustManagerFactory)  
WARN  NOP detected at c166.sinc:1495 (SleighCompile)  
WARN  1 NOP constructors found (SleighCompile)  
WARN  c166.sinc:56: Unnecessary 'Zero extension(zext)' (SleighCompile)  
WARN  c166.sinc:57: Unnecessary 'Zero extension(zext)' (SleighCompile)  
WARN  c166.sinc:434: Unnecessary 'Zero extension(zext)' (SleighCompile)  
WARN  c166.sinc:56: Unnecessary 'Zero extension(zext)' (SleighCompile)  
WARN  c166.sinc:57: Unnecessary 'Zero extension(zext)' (SleighCompile)  
WARN  c166.sinc:434: Unnecessary 'Zero extension(zext)' (SleighCompile)  
WARN  c166.sinc:56: Unnecessary 'Zero extension(zext)' (SleighCompile)  
WARN  c166.sinc:57: Unnecessary 'Zero extension(zext)' (SleighCompile)  
WARN  c166.sinc:434: Unnecessary 'Zero extension(zext)' (SleighCompile)  
WARN  c166.sinc:56: Unnecessary 'Zero extension(zext)' (SleighCompile)  
WARN  c166.sinc:57: Unnecessary 'Zero extension(zext)' (SleighCompile)  
WARN  c166.sinc:434: Unnecessary 'Zero extension(zext)' (SleighCompile)  
WARN  c166.sinc:56: Unnecessary 'Zero extension(zext)' (SleighCompile)  
WARN  c166.sinc:57: Unnecessary 'Zero extension(zext)' (SleighCompile)  
WARN  c166.sinc:434: Unnecessary 'Zero extension(zext)' (SleighCompile)  
WARN  c166.sinc:83: Unnecessary 'Zero extension(zext)' (SleighCompile)  
WARN  c166.sinc:705: Unnecessary 'Zero extension(zext)' (SleighCompile)  
WARN  c166.sinc:83: Unnecessary 'Zero extension(zext)' (SleighCompile)  
WARN  c166.sinc:705: Unnecessary 'Zero extension(zext)' (SleighCompile)  
WARN  c166.sinc:83: Unnecessary 'Zero extension(zext)' (SleighCompile)  
WARN  c166.sinc:705: Unnecessary 'Zero extension(zext)' (SleighCompile)  
WARN  c166.sinc:83: Unnecessary 'Zero extension(zext)' (SleighCompile)  
WARN  c166.sinc:705: Unnecessary 'Zero extension(zext)' (SleighCompile)  
WARN  c166.sinc:83: Unnecessary 'Zero extension(zext)' (SleighCompile)  
WARN  c166.sinc:705: Unnecessary 'Zero extension(zext)' (SleighCompile)  
WARN  c166.sinc:1289: Unnecessary 'Zero extension(zext)' (SleighCompile)  
WARN  c166.sinc:1294: Unnecessary 'Zero extension(zext)' (SleighCompile)  
WARN  c166.sinc:1409: Unnecessary 'Zero extension(zext)' (SleighCompile)  
WARN  c166.sinc:279: Temporary is written but not read (SleighCompile)  
WARN  c166.sinc:280: Temporary is written but not read (SleighCompile)  
WARN  c166.sinc:281: Temporary is written but not read (SleighCompile)  
WARN  c166.sinc:344: Temporary is written but not read (SleighCompile)  
WARN  c166.sinc:326: Temporary is written but not read (SleighCompile)  
WARN  c166.sinc:318: Temporary is written but not read (SleighCompile)  
WARN  c166.sinc:274: Temporary is written but not read (SleighCompile)  
WARN  c166.sinc:1791: Temporary is written but not read (SleighCompile)  
INFO  Headless startup complete (5414 ms) (AnalyzeHeadless)  
INFO  Class searcher loaded 210 extension points (114 false positives) (ClassSearcher)  
INFO  HEADLESS Script Paths:
    /snap/ghidra/47/ghidra/Ghidra/Features/Decompiler/ghidra_scripts
    /snap/ghidra/47/ghidra/Ghidra/Features/Base/ghidra_scripts
    /snap/ghidra/47/ghidra/Ghidra/Debug/Debugger-rmi-trace/ghidra_scripts
    /home/tstern/.config/ghidra/ghidra_12.1.2_PUBLIC/Extensions/c166-ghidra-module/ghidra_scripts
    /snap/ghidra/47/ghidra/Ghidra/Features/SwiftDemangler/ghidra_scripts
    /home/tstern/projects/ultimate-nag52-fw/tmp/egs52/tools
    /snap/ghidra/47/ghidra/Ghidra/Processors/DATA/ghidra_scripts
    /snap/ghidra/47/ghidra/Ghidra/Features/BSim/ghidra_scripts
    /snap/ghidra/47/ghidra/Ghidra/Processors/Atmel/ghidra_scripts
    /snap/ghidra/47/ghidra/Ghidra/Features/FileFormats/ghidra_scripts
    /snap/ghidra/47/ghidra/Ghidra/Features/FunctionID/ghidra_scripts
    /snap/ghidra/47/ghidra/Ghidra/Features/WildcardAssembler/ghidra_scripts
    /snap/ghidra/47/ghidra/Ghidra/Features/BytePatterns/ghidra_scripts
    /snap/ghidra/47/ghidra/Ghidra/Features/DecompilerDependent/ghidra_scripts
    /snap/ghidra/47/ghidra/Ghidra/Features/PDB/ghidra_scripts
    /snap/ghidra/47/ghidra/Ghidra/Features/SystemEmulation/ghidra_scripts
    /snap/ghidra/47/ghidra/Ghidra/Processors/JVM/ghidra_scripts
    /snap/ghidra/47/ghidra/Ghidra/Debug/Debugger/ghidra_scripts
    /snap/ghidra/47/ghidra/Ghidra/Processors/PIC/ghidra_scripts
    /snap/ghidra/47/ghidra/Ghidra/Processors/8051/ghidra_scripts
    /snap/ghidra/47/ghidra/Ghidra/Features/PyGhidra/ghidra_scripts
    /snap/ghidra/47/ghidra/Ghidra/Features/VersionTracking/ghidra_scripts
    /snap/ghidra/47/ghidra/Ghidra/Features/MicrosoftCodeAnalyzer/ghidra_scripts
    /snap/ghidra/47/ghidra/Ghidra/Features/GnuDemangler/ghidra_scripts (HeadlessAnalyzer)  
INFO  HEADLESS: execution starts (HeadlessAnalyzer)  
INFO  Creating project: /tmp/egs52_rebuild_svj1qklz/project/egs52 (HeadlessAnalyzer)  
INFO  Creating project: /tmp/egs52_rebuild_svj1qklz/project/egs52 (DefaultProject)  
INFO  REPORT: Processing input files:  (HeadlessAnalyzer)  
INFO       project: /tmp/egs52_rebuild_svj1qklz/project/egs52 (HeadlessAnalyzer)  
INFO  IMPORTING: file:///home/tstern/projects/ultimate-nag52-fw/tmp/egs52/decoded/A0325452132.bin (HeadlessAnalyzer)  
INFO  Successfully applied "-loader-baseAddr" to "Base Address" (old: "null", new: "0x80000") (ProgramLoader)  
INFO  Using Loader: Raw Binary (ProgramLoader)  
INFO  Using Language/Compiler: C166:CS:LE:16:default:tasking (ProgramLoader)  
INFO  Using Library Search Path: [., /bin, /lib, /lib64, /lib/x86_64-linux-gnu, /lib/aarch64-linux-gnu, /usr/bin, /usr/lib, /usr/X11R6/bin, /usr/X11R6/lib, /usr/java/packages/lib, /usr/lib/x86_64-linux-gnu/jni, /usr/lib/x86_64-linux-gnu, /usr/lib/jni] (ProgramLoader)  
INFO  IMPORTING: Loaded 0 additional files (HeadlessAnalyzer)  
INFO  REPORT: Execute script: CheckEgs52Processor.java  (HeadlessAnalyzer)  
INFO  SCRIPT: /home/tstern/projects/ultimate-nag52-fw/tmp/egs52/tools/CheckEgs52Processor.java (HeadlessAnalyzer)  
WARN  Uninitialized register read at 100000: PSW (EmulatorHelper)  
WARN  Uninitialized register read at 100040: PSW (EmulatorHelper)  
WARN  Uninitialized register read at 100082: PSW (EmulatorHelper)  
WARN  Uninitialized register read at 1000c2: PSW (EmulatorHelper)  
WARN  Uninitialized register read at 100102: PSW (EmulatorHelper)  
WARN  Uninitialized register read at 100142: PSW (EmulatorHelper)  
WARN  Uninitialized register read at 100184: PSW (EmulatorHelper)  
WARN  Uninitialized register read at 1001c0: PSW (EmulatorHelper)  
WARN  Uninitialized register read at 100200: PSW (EmulatorHelper)  
WARN  Uninitialized register read at 100240: PSW (EmulatorHelper)  
INFO  CheckEgs52Processor.java> PROCESSOR_REGRESSIONS_PASSED=49 (GhidraScript)  
INFO  REPORT: Execute script: RecoverDecodedEgs52.java '/tmp/egs52_rebuild_svj1qklz/export' '/home/tstern/projects/ultimate-nag52-fw/tmp/egs52/tools/symbols.csv'  (HeadlessAnalyzer)  
INFO  SCRIPT: /home/tstern/projects/ultimate-nag52-fw/tmp/egs52/tools/RecoverDecodedEgs52.java (HeadlessAnalyzer)  
INFO  RecoverDecodedEgs52.java> RECOVERY_PASS=0 seeds=936 (GhidraScript)  
INFO  RecoverDecodedEgs52.java> RECOVERY_PASS=1 seeds=936 (GhidraScript)  
INFO  RecoverDecodedEgs52.java> AUDITED_CALLBACK_CELLS=124 (GhidraScript)  
INFO  RecoverDecodedEgs52.java> INDIRECT_TABLES_RECOVERED=33 (GhidraScript)  
INFO  RecoverDecodedEgs52.java> NATIVE_ABI_APPLIED=50 (GhidraScript)  
INFO  RecoverDecodedEgs52.java> PROVEN_LEAF_OR_FORWARD_ABIS=22 (GhidraScript)  
WARN  Decompiling 083146: Unable to read bytes at ram:000000 (DecompileCallback)  
WARN  Decompiling 083146: Unable to read bytes at ram:000000 (DecompileCallback)  
WARN  Decompiling 0835ae: Unable to read bytes at ram:000000 (DecompileCallback)  
WARN  Decompiling 095130: Unable to read bytes at ram:000000 (DecompileCallback)  
WARN  Decompiling 095130: Unable to read bytes at ram:000000 (DecompileCallback)  
WARN  Decompiling 095130: Unable to read bytes at ram:000000 (DecompileCallback)  
WARN  Decompiling 095130: Unable to read bytes at ram:000000 (DecompileCallback)  
WARN  Decompiling 098254: Unable to read bytes at ram:000000 (DecompileCallback)  
WARN  Decompiling 0a350e: Unable to read bytes at ram:000000 (DecompileCallback)  
WARN  Decompiling 0a3e0c: Unable to read bytes at ram:000000 (DecompileCallback)  
WARN  Decompiling 0d072a: Unable to read bytes at ram:000000 (DecompileCallback)  
WARN  Decompiling 0d072a: Unable to read bytes at ram:000000 (DecompileCallback)  
WARN  Decompiling 0d072a: Unable to read bytes at ram:000000 (DecompileCallback)  
WARN  Decompiling 0d072a: Unable to read bytes at ram:000000 (DecompileCallback)  
WARN  Decompiling 0d072a: Unable to read bytes at ram:000000 (DecompileCallback)  
WARN  Decompiling 0d202e: Unable to read bytes at ram:000000 (DecompileCallback)  
WARN  Decompiling 0d202e: Unable to read bytes at ram:000000 (DecompileCallback)  
WARN  Decompiling 0d385e: Unable to read bytes at ram:000000 (DecompileCallback)  
WARN  Decompiling 0d44ce: Unable to read bytes at ram:000000 (DecompileCallback)  
WARN  Decompiling 0d492a: Unable to read bytes at ram:000000 (DecompileCallback)  
WARN  Decompiling 0d4bf8: Unable to read bytes at ram:000000 (DecompileCallback)  
WARN  Decompiling 0d54fc: Unable to read bytes at ram:000000 (DecompileCallback)  
WARN  Decompiling 0d5b66: Unable to read bytes at ram:000000 (DecompileCallback)  
WARN  Decompiling 0d63b0: Unable to read bytes at ram:000000 (DecompileCallback)  
WARN  Decompiling 0d6866: Unable to read bytes at ram:000000 (DecompileCallback)  
WARN  Decompiling 0d9430: Unable to read bytes at ram:000000 (DecompileCallback)  
WARN  Decompiling 0daaea: Unable to read bytes at ram:000000 (DecompileCallback)  
WARN  Decompiling 0dae20: Unable to read bytes at ram:000000 (DecompileCallback)  
WARN  Decompiling 0de4f0: Unable to read bytes at ram:000000 (DecompileCallback)  
WARN  Decompiling 0def12: Unable to read bytes at ram:000000 (DecompileCallback)  
WARN  Decompiling 0e3672: Unable to read bytes at ram:000000 (DecompileCallback)  
WARN  Decompiling 0e5ae0: Unable to read bytes at ram:000000 (DecompileCallback)  
WARN  Decompiling 0e5ae0: Unable to read bytes at ram:000000 (DecompileCallback)  
WARN  Decompiling 0e5ae0: Unable to read bytes at ram:000000 (DecompileCallback)  
INFO  RecoverDecodedEgs52.java> EXPORTED=1043 DECOMPILED=1043 (GhidraScript)  
INFO  /A0325452132.bin: file created (tstern) (LocalFileSystem)  
INFO  REPORT: Save succeeded for: /A0325452132.bin (egs52:/A0325452132.bin) (HeadlessAnalyzer)  
INFO  REPORT: Import succeeded (HeadlessAnalyzer)  
