enable_interrupts 65536 PASS
disable_interrupts_save 65536 PASS
exchange_interrupt_priority 65536 PASS
lerp_signed_registers 5000 PASS
read_indexed_record_word 65536 PASS
test_fd02_bit0_clear 65536 PASS
stage_request_words 8192 PASS
interrupt_010 2048 PASS
interrupt_018 2048 PASS
interrupt_028 2048 PASS
weighted_average_s16 5000 PASS
weighted_average_u16 5000 PASS
blend_percent_u16 5000 PASS
blend_percent_s16 5000 PASS
ramp_u16 5000 PASS
sqrt_estimate_u16 65536 PASS
abs_s16_bits 65536 PASS
sqrt_estimate_u32 5000 PASS
vector_length_estimate 5000 PASS
lerp_unsigned_axis 5000 PASS
lerp_signed_axis 5000 PASS
curve_u16 3000 PASS
curve_u8 3000 PASS
curve_s16 5000 PASS
map_u16 5000 PASS
map_s16 5000 PASS
map_u8 5000 PASS
crc16_a001_far 1000 PASS
memcpy_near 1000 PASS
test_fault_status_bit4 4096 PASS
test_fault_status_bit3 4096 PASS
test_fault_status_bit2 4096 PASS
test_fault_status_bit7 4096 PASS
test_fault_bitmap 4096 PASS
multiply_u32_registers 5000 PASS
divide_u32_registers 5000 PASS
divide_u32_wide_divisor 5000 PASS
divide_s32_registers 5000 PASS
read_far_u32_registers 1000 PASS
boot_read_far_u32_registers 1000 PASS
copy_bytes_registers 1000 PASS
copy_words_registers 1000 PASS
call_far_indirect 1000 PASS
boot_call_far_indirect 1000 PASS
clamp_d488_when_fd4e_bit5_set 5000 PASS
update_d7d8_from_byte_delta 5000 PASS
scale_and_store_d4ae 5000 PASS
combine_percent_term_d402 5000 PASS
offset_and_clamp_u16 5000 PASS
classify_negated_input 5000 PASS
update_scaled_difference_d712 5000 PASS
initialize_fault_status 5000 PASS
pid_step 5000 PASS
pid_reset 100 PASS
near_to_physical 5000 PASS
647668 original-instruction comparisons passed; 1779 distinct instruction addresses.
